====================================================================
  05_conference -- run date: 2026-10-08 09:03 
====================================================================

Loading programme records and the reviewed match ledger...
  Programme entries: 3565 
   conference     N
       <char> <int>
1:        EHA  1006
2:        EHS  2559
  Candidate links in ledger: 317 
    decision     N
      <char> <int>
1:    retain   278
2:    reject    20
3: uncertain    19
  Excluded 91 entries (EHS 2023-2024 summary pages; EHA 2025 unverified)
  Retained programme links: 278 
  Distinct linked articles: 259 

Creating conference variables...
  Papers at any conference: 259 
    via EHA: 81   via EHS: 195   at both: 17 
  In estimation sample: 137 

=== CONFERENCE PREMIUM REGRESSION ===

Model C1: Any conference presentation, conditional on early citations
  N presenters: 137 
  presented_at_conference: 0.0659 (robust SE: 0.0429 )
  Approximate 95% interval: -0.018 to 0.150 log points (upper bound 16.2% in 1 + citations)

Model C1 without the early-citation control
  presented_at_conference: 0.2314 (robust SE: 0.0721 )

=== SESSION-TIMING (EHA) BALANCE & POWER CHECK ===

  EHA-matched papers in estimation sample: 49 
  Session-order distribution:
   eha_session_order     N
               <int> <int>
1:                 1    13
2:                 2    20
3:                 3     5
4:                 4     9
5:                 5     2
  Pre-lunch (last AM): 21   Post-lunch (first PM): 5 

  Balance (normalised mean difference, pre vs post lunch):
    log_early      NMD = -0.233  (t-test p = 0.703)
    fast_starter   NMD = -0.327  (t-test p = 0.563)
    any_top_inst   NMD =  0.188  (t-test p = 0.715)
    n_authors      NMD = -0.423  (t-test p = 0.442)

  Power gate: pre = 21, post = 5, minimum per cell = 25  ->  UNDERPOWERED
  -> Too few matched papers fall in the lunch-adjacent slots for
     inference. Reported as inconclusive in the paper.

--- Author-based conference exposure ---

  Unique presenter last names: 2365 
  Conference years covered: 2003, 2004, 2005, 2006, 2007, 2008, 2009, 2010, 2011, 2012, 2013, 2014, 2015, 2016, 2017, 2018, 2019, 2020, 2021, 2022, 2023, 2024 
  Papers with author conference exposure: 1134 / 3250 ( 34.9 %)
  In estimation sample: 607 / 1262 ( 48.1 %)

=== AUTHOR-BASED CONFERENCE EXPOSURE REGRESSIONS ===

Model C2: Author conference exposure (broad measure)
  author_conf_exposure: 0.0339 (robust SE: 0.0304 )

Model C3: Title-matched + author exposure (joint)
  presented_at_conference: 0.0583 (robust SE: 0.0437 )
  author_conf_exposure: 0.0274 (robust SE: 0.0309 )

--- Placebo conference ( 1000 permutations) ---
Observed conference coefficient: 0.0659 
  Permutation 100 / 1000 
  Permutation 200 / 1000 
  Permutation 300 / 1000 
  Permutation 400 / 1000 
  Permutation 500 / 1000 
  Permutation 600 / 1000 
  Permutation 700 / 1000 
  Permutation 800 / 1000 
  Permutation 900 / 1000 
  Permutation 1000 / 1000 
One-sided (upper-tail) p-value: 0.0749 
Two-sided (absolute) p-value:   0.1439 
  Mean placebo: 4e-04 
  SD placebo: 0.0467 

--- Sensitivity: uncertain links and title thresholds ---

                      scenario presenters       coef         se         p
                        <char>      <int>      <num>      <num>     <num>
1:       reviewed_conservative        137 0.06588547 0.04292606 0.1250732
2:           include_uncertain        143 0.06612841 0.04223146 0.1176371
3: reviewed_distance_below_015         93 0.06085721 0.05012324 0.2249208
4: reviewed_distance_below_010         78 0.01150365 0.04844452 0.8123389

Saved: results/conference_flags.rds
Saved: results/res_05_conference.rds
