====================================================================
  06_mechanisms -- run date: 2026-10-08 09:04 
====================================================================

Loading network data...
  Citation links: 72695 
  OpenAlex matches: 3738 

  Network metrics merged: 1061 papers with metrics

--- 6a: Citation source decomposition ---

Citation links in the frozen cache: 72695 
Links after the metadata screen: 72465 (removed 230 )
Source articles covered: 1610 ; citing works: 37767 
Links with primary-field metadata: 72167 ; with root-concept tags: 72333 ; with document type: 72465 

Within-field citations: 56130 / 72333  (77.6%)
Cross-field citations: 16203 
Non-article share of typed links: 40.9%

Papers with citation source data: 593 

Papers with classified citers (count-elasticity subsample): 593 

S1a: log_early -> log(within-field cites), classified subsample
  Coef: 0.7015 (SE: 0.0344 , N = 593 )

S1b: log_early -> log(cross-field cites), classified subsample
  Coef: 0.5113 (SE: 0.0438 , N = 593 )

Fast-starter -> cross-field SHARE (journal-year FE):
  coef -0.0191 (robust SE 0.0120), N = 593; within/cross count elasticities 0.702 / 0.511

--- 6b: Self-citation analysis ---

Within-dataset citation links checked: 7003 
Self-citations identified: 1094 
Self-citation rate: 15.6 %

SC1: log_early -> log(non-self cites)
  Coef: 0.3436 (SE: 0.041 )

SC2: log_early -> log(total cites)
  Coef: 0.3441 (SE: 0.0412 )

Change from SC2 to SC1: -0.1 %
  -> Stability indicates self-citations do not drive the result

--- 6c: Citation cascade depth ---

Cascade depth computed for 2882 papers
  Mean depth: 1.59 
  Max depth: 17 

CD1: fast_starter -> cascade depth
  fast_starter: 0.1867 (SE: 0.1379 )

CD2: fast_starter -> log(indirect citers)
  fast_starter: 0.1459 (SE: 0.092 )

--- 6d: Citation concentration (HHI) ---

Papers with HHI data (from network metrics): 566 

HC1: fast_starter -> cite_concentration (HHI)
  fast_starter: 0.0106 (SE: 0.0134 )
  (Negative = more temporally spread citations)

Saved: results/mech_data.rds
Saved: results/res_06_mechanisms.rds
