====================================================================
  10_figures -- run date: 2026-10-08 09:05 
====================================================================

--- Fig_Persistence ---
Saved: Fig_Persistence (.png + .pdf)
--- Fig_Unpredictability ---
Saved: Fig_Unpredictability (.png + .pdf)
--- Fig_CitationSource ---
Screened network: 72465 links to 1610 corpus articles
Saved: Fig_CitationSource (.png + .pdf)
Discipline shares (N = 72167 classified links):
                           disc     N   pct
                         <fctr> <int> <num>
1:                    Economics 36226  50.2
2:        Other social sciences 21722  30.1
3:       Health & life sciences  4243   5.9
4:        Business & management  3621   5.0
5: Other sciences & engineering  3366   4.7
6:            Arts & humanities  1818   2.5
7:                      History  1171   1.6

Format shares (N = 72465 typed links):
                        fmt     N   pct
                     <fctr> <int> <num>
1:          Journal article 42842  59.1
2:          Book or chapter 20168  27.8
3: Preprint / working paper  5775   8.0
4:                    Other  2482   3.4
5:             Dissertation  1198   1.7
--- FigB_LOJO ---
Saved: FigB_LOJO (.png + .pdf)
--- FigB_PlaceboFastStarter ---
Saved: FigB_PlaceboFastStarter (.png + .pdf)
--- FigB_TopicHeterogeneity ---
Saved: FigB_TopicHeterogeneity (.png + .pdf)
--- FigB_CohortElasticity ---
Saved: FigB_CohortElasticity (.png + .pdf)
--- FigE_PlaceboConference ---
Saved: FigE_PlaceboConference (.png + .pdf)

All figures complete.
